E 00:47:43.654215            default ../pipewire/spa/plugins/bluez5/upower.c:54:upower_get_percentage_properties_reply: Failed to get percentage from UPower: org.freedesktop.DBus.Error.NameHasNoOwner
N 00:47:43.667978          wp-device ../wireplumber/lib/wp/device.c:710:wp_spa_device_new_from_spa_factory: SPA handle 'api.libcamera.enum.manager' could not be loaded; is it installed?
N 00:47:43.667992 s-monitors-libcame enumerate-device.lua:30:chunk: PipeWire's libcamera SPA plugin is missing or broken. Some camera types may not be supported.
E 06:27:06.908059            pw.node ../pipewire/src/pipewire/impl-node.c:500:node_update_state: (bluez_output.DF_D3_96_22_AC_BE.1-61) running -> error (Received error event)
E 06:27:06.908093         spa.bluez5 ../pipewire/spa/plugins/bluez5/bluez5-dbus.c:3326:spa_bt_transport_set_state: Failure in Bluetooth audio transport /org/bluez/hci0/dev_DF_D3_96_22_AC_BE/fd0
E 10:31:42.037540            default ../pipewire/spa/plugins/bluez5/upower.c:54:upower_get_percentage_properties_reply: Failed to get percentage from UPower: org.freedesktop.DBus.Error.NameHasNoOwner
E 10:31:42.038794    spa.bluez5.midi ../pipewire/spa/plugins/bluez5/midi-enum.c:476:manager_register_application_reply: org.bluez.GattManager1.RegisterApplication() failed: GDBus.Error:org.bluez.Error.AlreadyExists: Already Exists
E 11:13:20.223294            default ../pipewire/spa/plugins/bluez5/upower.c:54:upower_get_percentage_properties_reply: Failed to get percentage from UPower: org.freedesktop.DBus.Error.NameHasNoOwner
E 11:13:20.226888    spa.bluez5.midi ../pipewire/spa/plugins/bluez5/midi-enum.c:476:manager_register_application_reply: org.bluez.GattManager1.RegisterApplication() failed: GDBus.Error:org.bluez.Error.AlreadyExists: Already Exists
W 12:06:15.092724 spa.bluez5.sink.me ../pipewire/spa/plugins/bluez5/bt-latency.h:247:spa_bt_latency_recv_errqueue: Missing completion reports for packet (0 suppressed): Bluetooth adapter firmware bug?
W 12:06:15.092750 spa.bluez5.sink.me ../pipewire/spa/plugins/bluez5/bt-latency.h:247:spa_bt_latency_recv_errqueue: Missing completion reports for packet (0 suppressed): Bluetooth adapter firmware bug?
W 12:06:15.092752 spa.bluez5.sink.me ../pipewire/spa/plugins/bluez5/bt-latency.h:247:spa_bt_latency_recv_errqueue: Missing completion reports for packet (0 suppressed): Bluetooth adapter firmware bug?
W 12:06:15.092754 spa.bluez5.sink.me ../pipewire/spa/plugins/bluez5/bt-latency.h:247:spa_bt_latency_recv_errqueue: Missing completion reports for packet (0 suppressed): Bluetooth adapter firmware bug?
W 12:06:15.092756 spa.bluez5.sink.me ../pipewire/spa/plugins/bluez5/bt-latency.h:247:spa_bt_latency_recv_errqueue: Missing completion reports for packet (0 suppressed): Bluetooth adapter firmware bug?
W 12:06:15.092758 spa.bluez5.sink.me ../pipewire/spa/plugins/bluez5/bt-latency.h:247:spa_bt_latency_recv_errqueue: Missing completion reports for packet (0 suppressed): Bluetooth adapter firmware bug?
W 12:06:15.092760 spa.bluez5.sink.me ../pipewire/spa/plugins/bluez5/bt-latency.h:247:spa_bt_latency_recv_errqueue: Missing completion reports for packet (0 suppressed): Bluetooth adapter firmware bug?
W 12:06:15.092762 spa.bluez5.sink.me ../pipewire/spa/plugins/bluez5/bt-latency.h:247:spa_bt_latency_recv_errqueue: Missing completion reports for packet (0 suppressed): Bluetooth adapter firmware bug?
W 12:09:09.680190 spa.bluez5.sink.me ../pipewire/spa/plugins/bluez5/media-sink.c:1332:media_on_flush_error: 0x561303d3f258: connection (/org/bluez/hci0/dev_DF_D3_96_22_AC_BE/fd0) terminated unexpectedly
E 12:09:09.681064            pw.node ../pipewire/src/pipewire/impl-node.c:500:node_update_state: (bluez_output.DF_D3_96_22_AC_BE.1-83) running -> error (Received error event)
E 12:09:09.681084         spa.bluez5 ../pipewire/spa/plugins/bluez5/bluez5-dbus.c:3326:spa_bt_transport_set_state: Failure in Bluetooth audio transport /org/bluez/hci0/dev_DF_D3_96_22_AC_BE/fd0
E 12:28:20.859492  spa.bluez5.device ../pipewire/spa/plugins/bluez5/bluez5-device.c:1542:codec_switched: failed to switch codec (-5)
E 12:29:30.972725  spa.bluez5.device ../pipewire/spa/plugins/bluez5/bluez5-device.c:1542:codec_switched: failed to switch codec (-5)
W 13:48:29.101901 spa.bluez5.sink.me ../pipewire/spa/plugins/bluez5/media-sink.c:1332:media_on_flush_error: 0x561303db01b8: connection (/org/bluez/hci0/dev_DF_D3_96_22_AC_BE/fd0) terminated unexpectedly
E 13:48:29.106019            pw.node ../pipewire/src/pipewire/impl-node.c:500:node_update_state: (bluez_output.DF_D3_96_22_AC_BE.1-110) running -> error (Received error event)
E 13:48:29.106042         spa.bluez5 ../pipewire/spa/plugins/bluez5/bluez5-dbus.c:3326:spa_bt_transport_set_state: Failure in Bluetooth audio transport /org/bluez/hci0/dev_DF_D3_96_22_AC_BE/fd0
W 15:45:25.034042 spa.bluez5.sink.me ../pipewire/spa/plugins/bluez5/media-sink.c:1332:media_on_flush_error: 0x561303daf7c8: connection (/org/bluez/hci0/dev_DF_D3_96_22_AC_BE/fd0) terminated unexpectedly
W 18:22:28.125016 spa.bluez5.sink.me ../pipewire/spa/plugins/bluez5/bt-latency.h:247:spa_bt_latency_recv_errqueue: Missing completion reports for packet (0 suppressed): Bluetooth adapter firmware bug?
W 18:22:28.125041 spa.bluez5.sink.me ../pipewire/spa/plugins/bluez5/bt-latency.h:247:spa_bt_latency_recv_errqueue: Missing completion reports for packet (0 suppressed): Bluetooth adapter firmware bug?
W 18:22:28.125044 spa.bluez5.sink.me ../pipewire/spa/plugins/bluez5/bt-latency.h:247:spa_bt_latency_recv_errqueue: Missing completion reports for packet (0 suppressed): Bluetooth adapter firmware bug?
W 18:22:28.125046 spa.bluez5.sink.me ../pipewire/spa/plugins/bluez5/bt-latency.h:247:spa_bt_latency_recv_errqueue: Missing completion reports for packet (0 suppressed): Bluetooth adapter firmware bug?
W 18:22:28.147815 spa.bluez5.sink.me ../pipewire/spa/plugins/bluez5/bt-latency.h:247:spa_bt_latency_recv_errqueue: Missing completion reports for packet (0 suppressed): Bluetooth adapter firmware bug?
W 18:22:28.153799 spa.bluez5.sink.me ../pipewire/spa/plugins/bluez5/bt-latency.h:247:spa_bt_latency_recv_errqueue: Missing completion reports for packet (0 suppressed): Bluetooth adapter firmware bug?
E 18:29:31.056136            default ../pipewire/spa/plugins/bluez5/upower.c:54:upower_get_percentage_properties_reply: Failed to get percentage from UPower: org.freedesktop.DBus.Error.NameHasNoOwner
E 18:29:31.056731    spa.bluez5.midi ../pipewire/spa/plugins/bluez5/midi-enum.c:476:manager_register_application_reply: org.bluez.GattManager1.RegisterApplication() failed: GDBus.Error:org.bluez.Error.AlreadyExists: Already Exists
W 19:01:52.658163 spa.bluez5.sink.me ../pipewire/spa/plugins/bluez5/media-sink.c:1332:media_on_flush_error: 0x561303daf7c8: connection (/org/bluez/hci0/dev_DF_D3_96_22_AC_BE/fd0) terminated unexpectedly
E 19:01:52.658337            pw.node ../pipewire/src/pipewire/impl-node.c:500:node_update_state: (bluez_output.DF_D3_96_22_AC_BE.1-88) running -> error (Received error event)
E 19:01:52.658362         spa.bluez5 ../pipewire/spa/plugins/bluez5/bluez5-dbus.c:3326:spa_bt_transport_set_state: Failure in Bluetooth audio transport /org/bluez/hci0/dev_DF_D3_96_22_AC_BE/fd0
W 21:35:37.694221 spa.bluez5.sink.me ../pipewire/spa/plugins/bluez5/bt-latency.h:247:spa_bt_latency_recv_errqueue: Missing completion reports for packet (0 suppressed): Bluetooth adapter firmware bug?
W 21:35:38.182976 spa.bluez5.sink.me ../pipewire/spa/plugins/bluez5/bt-latency.h:247:spa_bt_latency_recv_errqueue: Missing completion reports for packet (0 suppressed): Bluetooth adapter firmware bug?
W 21:35:38.182996 spa.bluez5.sink.me ../pipewire/spa/plugins/bluez5/bt-latency.h:247:spa_bt_latency_recv_errqueue: Missing completion reports for packet (0 suppressed): Bluetooth adapter firmware bug?
W 21:35:38.182999 spa.bluez5.sink.me ../pipewire/spa/plugins/bluez5/bt-latency.h:247:spa_bt_latency_recv_errqueue: Missing completion reports for packet (0 suppressed): Bluetooth adapter firmware bug?
W 21:35:38.183001 spa.bluez5.sink.me ../pipewire/spa/plugins/bluez5/bt-latency.h:247:spa_bt_latency_recv_errqueue: Missing completion reports for packet (0 suppressed): Bluetooth adapter firmware bug?
W 21:35:38.183009 spa.bluez5.sink.me ../pipewire/spa/plugins/bluez5/bt-latency.h:247:spa_bt_latency_recv_errqueue: Missing completion reports for packet (0 suppressed): Bluetooth adapter firmware bug?
W 21:35:38.183011 spa.bluez5.sink.me ../pipewire/spa/plugins/bluez5/bt-latency.h:247:spa_bt_latency_recv_errqueue: Missing completion reports for packet (0 suppressed): Bluetooth adapter firmware bug?
W 21:35:38.183012 spa.bluez5.sink.me ../pipewire/spa/plugins/bluez5/bt-latency.h:247:spa_bt_latency_recv_errqueue: Missing completion reports for packet (0 suppressed): Bluetooth adapter firmware bug?
W 21:38:48.361790 spa.bluez5.sink.me ../pipewire/spa/plugins/bluez5/bt-latency.h:247:spa_bt_latency_recv_errqueue: Missing completion reports for packet (0 suppressed): Bluetooth adapter firmware bug?
W 21:38:48.361812 spa.bluez5.sink.me ../pipewire/spa/plugins/bluez5/bt-latency.h:247:spa_bt_latency_recv_errqueue: Missing completion reports for packet (0 suppressed): Bluetooth adapter firmware bug?
W 21:38:48.433300 spa.bluez5.sink.me ../pipewire/spa/plugins/bluez5/bt-latency.h:247:spa_bt_latency_recv_errqueue: Missing completion reports for packet (0 suppressed): Bluetooth adapter firmware bug?
W 21:38:48.433320 spa.bluez5.sink.me ../pipewire/spa/plugins/bluez5/bt-latency.h:247:spa_bt_latency_recv_errqueue: Missing completion reports for packet (0 suppressed): Bluetooth adapter firmware bug?
W 21:38:48.433322 spa.bluez5.sink.me ../pipewire/spa/plugins/bluez5/bt-latency.h:247:spa_bt_latency_recv_errqueue: Missing completion reports for packet (0 suppressed): Bluetooth adapter firmware bug?
W 21:38:48.448039 spa.bluez5.sink.me ../pipewire/spa/plugins/bluez5/bt-latency.h:247:spa_bt_latency_recv_errqueue: Missing completion reports for packet (0 suppressed): Bluetooth adapter firmware bug?
W 21:38:48.481719 spa.bluez5.sink.me ../pipewire/spa/plugins/bluez5/bt-latency.h:247:spa_bt_latency_recv_errqueue: Missing completion reports for packet (0 suppressed): Bluetooth adapter firmware bug?
W 21:38:51.091601 spa.bluez5.sink.me ../pipewire/spa/plugins/bluez5/bt-latency.h:247:spa_bt_latency_recv_errqueue: Missing completion reports for packet (0 suppressed): Bluetooth adapter firmware bug?
W 21:59:14.174911 spa.bluez5.sink.me ../pipewire/spa/plugins/bluez5/media-sink.c:1332:media_on_flush_error: 0x561303daf7c8: connection (/org/bluez/hci0/dev_DF_D3_96_22_AC_BE/fd0) terminated unexpectedly
E 21:59:14.189234            pw.node ../pipewire/src/pipewire/impl-node.c:500:node_update_state: (bluez_output.DF_D3_96_22_AC_BE.1-43) running -> error (Received error event)
E 21:59:14.189266         spa.bluez5 ../pipewire/spa/plugins/bluez5/bluez5-dbus.c:3326:spa_bt_transport_set_state: Failure in Bluetooth audio transport /org/bluez/hci0/dev_DF_D3_96_22_AC_BE/fd0
W 23:04:54.412158 spa.bluez5.sink.me ../pipewire/spa/plugins/bluez5/media-sink.c:1332:media_on_flush_error: 0x561303daf7c8: connection (/org/bluez/hci0/dev_DF_D3_96_22_AC_BE/fd0) terminated unexpectedly
W 23:04:54.444409   spa.audioconvert ../pipewire/spa/plugins/audioconvert/audioconvert.c:3986:impl_node_process: 0x561303d39170: (0 suppressed) out of buffers on port 0 3
E 23:04:54.501813            pw.node ../pipewire/src/pipewire/impl-node.c:500:node_update_state: (bluez_output.DF_D3_96_22_AC_BE.1-47) running -> error (Received error event)
E 23:04:54.501855         spa.bluez5 ../pipewire/spa/plugins/bluez5/bluez5-dbus.c:3326:spa_bt_transport_set_state: Failure in Bluetooth audio transport /org/bluez/hci0/dev_DF_D3_96_22_AC_BE/fd0
W 23:10:46.682655 spa.bluez5.sink.me ../pipewire/spa/plugins/bluez5/media-sink.c:1332:media_on_flush_error: 0x561303daf7c8: connection (/org/bluez/hci0/dev_DF_D3_96_22_AC_BE/sep2/fd0) terminated unexpectedly
E 23:10:46.691404            pw.node ../pipewire/src/pipewire/impl-node.c:500:node_update_state: (bluez_output.DF_D3_96_22_AC_BE.1-92) running -> error (Received error event)
E 23:10:46.691427         spa.bluez5 ../pipewire/spa/plugins/bluez5/bluez5-dbus.c:3326:spa_bt_transport_set_state: Failure in Bluetooth audio transport /org/bluez/hci0/dev_DF_D3_96_22_AC_BE/sep2/fd0
W 23:12:52.012084 spa.bluez5.sink.me ../pipewire/spa/plugins/bluez5/media-sink.c:1332:media_on_flush_error: 0x561303daf7c8: connection (/org/bluez/hci0/dev_DF_D3_96_22_AC_BE/fd0) terminated unexpectedly
W 23:12:52.047846   spa.audioconvert ../pipewire/spa/plugins/audioconvert/audioconvert.c:3986:impl_node_process: 0x561303d39170: (0 suppressed) out of buffers on port 0 3
E 23:12:52.352837            pw.node ../pipewire/src/pipewire/impl-node.c:500:node_update_state: (bluez_output.DF_D3_96_22_AC_BE.1-82) running -> error (Received error event)
E 23:12:52.352894         spa.bluez5 ../pipewire/spa/plugins/bluez5/bluez5-dbus.c:3326:spa_bt_transport_set_state: Failure in Bluetooth audio transport /org/bluez/hci0/dev_DF_D3_96_22_AC_BE/fd0
